
[1m[46m RUN [49m[22m [36mv4.0.16 [39m[90mD:/newDev/books-front[39m

[33m[39m[32m┬╖[39m[33m[39m[32m┬╖[39m[33m[39m[32m┬╖[39m[33m[39m[32m┬╖[39m[33m[39m[32m┬╖[39m[33m[39m[32m┬╖[39m[33m[39m[32m┬╖[39m[33m[39m[32m┬╖[39m[33m[39m[32m┬╖[39m[33m[39m[32m┬╖[39m[33m[39m[32m┬╖[39m[33m[39m[32m┬╖[39m[33m[39m[32m┬╖[39m[33m[39m[32m┬╖[39m[33m[39m[32m┬╖[39m[33m[39m[32m┬╖[39m[33m[39m[32m┬╖[39m[33m[39m[32m┬╖[39m[33m[39m[32m┬╖[39m[33m[39m[32m┬╖[39m[33m[39m[32m┬╖[39m[33m[39m[32m┬╖[39m[33m[39m[32m┬╖[39m[33m[39m[32m┬╖[39m[33m[39m[32m┬╖[39m[33m[39m[32m┬╖[39m[33m[39m[32m┬╖[39m[33m[39m[32m┬╖[39m[33m[39m[32m┬╖[39m[33m[39m[32m┬╖[39m[33m[39m[32m┬╖[39m[33m[39m[32m┬╖[39m[33m[39m[32m┬╖[39m[33m[39m[32m┬╖[39m[33m[39m[32m┬╖[39m[33m[39m[32m┬╖[39m[33m[39m[32m┬╖[39m[33m[39m[32m┬╖[39m[33m[39m[32m┬╖[39m[33m[39m[32m┬╖[39m[33m[39m[32m┬╖[39m[33m[39m[32m┬╖[39m[33m[39m[32m┬╖[39m[33m[39m[32m┬╖[39m[33m[39m[32m┬╖[39m[33m[39m[32m┬╖[39m[33m[39m[32m┬╖[39m[33m[39m[32m┬╖[39m[33m[39m[32m┬╖[39m[33m[39m[32m┬╖[39m[33m[39m[32m┬╖[39m[33m[39m[32m┬╖[39m[33m[39m[32m┬╖[39m[33m[39m[32m┬╖[39m[33m[39m[32m┬╖[39m[33m[39m[32m┬╖[39m

[2m Test Files [22m [1m[32m10 passed[39m[22m[90m (10)[39m
[2m      Tests [22m [1m[32m56 passed[39m[22m[90m (56)[39m
[2m   Start at [22m 13:02:59
[2m   Duration [22m 7.47s[2m (transform 2.05s, setup 7.15s, import 6.65s, tests 2.64s, environment 13.25s)[22m

